----------------------------------------
System Report - 2025-07-08 13:00:45
----------------------------------------
[Uptime]
 13:00:45 up 13 min,  1 user,  load average: 0.01, 0.06, 0.07

[Disk Usage]
Filesystem      Size  Used Avail Use% Mounted on
none            1.8G     0  1.8G   0% /usr/lib/modules/5.15.167.4-microsoft-standard-WSL2
none            1.8G  4.0K  1.8G   1% /mnt/wsl
drivers         320G  255G   65G  80% /usr/lib/wsl/drivers
/dev/sdc       1007G   12G  944G   2% /
none            1.8G   76K  1.8G   1% /mnt/wslg
none            1.8G     0  1.8G   0% /usr/lib/wsl/lib
rootfs          1.8G  2.4M  1.8G   1% /init
none            1.8G  564K  1.8G   1% /run
none            1.8G     0  1.8G   0% /run/lock
none            1.8G     0  1.8G   0% /run/shm
tmpfs           4.0M     0  4.0M   0% /sys/fs/cgroup
none            1.8G   96K  1.8G   1% /mnt/wslg/versions.txt
none            1.8G   96K  1.8G   1% /mnt/wslg/doc
C:\             320G  255G   65G  80% /mnt/c
D:\             157G   45G  113G  29% /mnt/d
tmpfs           365M   16K  365M   1% /run/user/1000

[Memory Usage]
               total        used        free      shared  buff/cache   available
Mem:            3649        1335        2188           3         282        2314
Swap:           1024           0        1024

[Top Processes]
    PID    PPID CMD                         %MEM %CPU
    180       1 /usr/bin/java -Djava.awt.he 19.8  9.5
    374       1 /usr/bin/dockerd -H fd:// -  2.3  0.2
    272       1 /usr/bin/containerd          1.3  0.2
    293       1 /usr/bin/python3 /usr/share  0.6  0.0
     63       1 /usr/lib/systemd/systemd-jo  0.5  0.0
    204       1 /usr/libexec/wsl-pro-servic  0.4  0.0
    194       1 /usr/libexec/udisks2/udisks  0.4  0.0
      1       0 /sbin/init                   0.3  0.2
    154       1 /usr/lib/systemd/systemd-re  0.3  0.0

Report Completed ✅

----------------------------------------
System Report - 2025-07-08 13:02:03
----------------------------------------
[Uptime]
 13:02:03 up 14 min,  1 user,  load average: 0.00, 0.04, 0.06

[Disk Usage]
Filesystem      Size  Used Avail Use% Mounted on
none            1.8G     0  1.8G   0% /usr/lib/modules/5.15.167.4-microsoft-standard-WSL2
none            1.8G  4.0K  1.8G   1% /mnt/wsl
drivers         320G  255G   65G  80% /usr/lib/wsl/drivers
/dev/sdc       1007G   12G  944G   2% /
none            1.8G   76K  1.8G   1% /mnt/wslg
none            1.8G     0  1.8G   0% /usr/lib/wsl/lib
rootfs          1.8G  2.4M  1.8G   1% /init
none            1.8G  564K  1.8G   1% /run
none            1.8G     0  1.8G   0% /run/lock
none            1.8G     0  1.8G   0% /run/shm
tmpfs           4.0M     0  4.0M   0% /sys/fs/cgroup
none            1.8G   96K  1.8G   1% /mnt/wslg/versions.txt
none            1.8G   96K  1.8G   1% /mnt/wslg/doc
C:\             320G  255G   65G  80% /mnt/c
D:\             157G   45G  113G  29% /mnt/d
tmpfs           365M   16K  365M   1% /run/user/1000

[Memory Usage]
               total        used        free      shared  buff/cache   available
Mem:            3649        1338        2184           3         283        2311
Swap:           1024           0        1024

[Top Processes]
    PID    PPID CMD                         %MEM %CPU
    180       1 /usr/bin/java -Djava.awt.he 19.8  8.9
    374       1 /usr/bin/dockerd -H fd:// -  2.3  0.2
    272       1 /usr/bin/containerd          1.3  0.2
    293       1 /usr/bin/python3 /usr/share  0.6  0.0
     63       1 /usr/lib/systemd/systemd-jo  0.5  0.0
    204       1 /usr/libexec/wsl-pro-servic  0.4  0.0
    194       1 /usr/libexec/udisks2/udisks  0.4  0.0
      1       0 /sbin/init                   0.3  0.2
    154       1 /usr/lib/systemd/systemd-re  0.3  0.0

Report Completed ✅

----------------------------------------
System Report - 2025-07-08 13:03:06
----------------------------------------
[Uptime]
 13:03:06 up 15 min,  1 user,  load average: 0.03, 0.05, 0.06

[Disk Usage]
Filesystem      Size  Used Avail Use% Mounted on
none            1.8G     0  1.8G   0% /usr/lib/modules/5.15.167.4-microsoft-standard-WSL2
none            1.8G  4.0K  1.8G   1% /mnt/wsl
drivers         320G  255G   65G  80% /usr/lib/wsl/drivers
/dev/sdc       1007G   12G  944G   2% /
none            1.8G   76K  1.8G   1% /mnt/wslg
none            1.8G     0  1.8G   0% /usr/lib/wsl/lib
rootfs          1.8G  2.4M  1.8G   1% /init
none            1.8G  564K  1.8G   1% /run
none            1.8G     0  1.8G   0% /run/lock
none            1.8G     0  1.8G   0% /run/shm
tmpfs           4.0M     0  4.0M   0% /sys/fs/cgroup
none            1.8G   96K  1.8G   1% /mnt/wslg/versions.txt
none            1.8G   96K  1.8G   1% /mnt/wslg/doc
C:\             320G  255G   65G  80% /mnt/c
D:\             157G   45G  113G  29% /mnt/d
tmpfs           365M   16K  365M   1% /run/user/1000

[Memory Usage]
               total        used        free      shared  buff/cache   available
Mem:            3649        1337        2164           3         304        2312
Swap:           1024           0        1024

[Top Processes]
    PID    PPID CMD                         %MEM %CPU
    180       1 /usr/bin/java -Djava.awt.he 19.8  8.3
    374       1 /usr/bin/dockerd -H fd:// -  2.3  0.1
    272       1 /usr/bin/containerd          1.3  0.2
    293       1 /usr/bin/python3 /usr/share  0.6  0.0
     63       1 /usr/lib/systemd/systemd-jo  0.5  0.0
    204       1 /usr/libexec/wsl-pro-servic  0.4  0.0
    194       1 /usr/libexec/udisks2/udisks  0.4  0.0
      1       0 /sbin/init                   0.3  0.1
    154       1 /usr/lib/systemd/systemd-re  0.3  0.0

Report Completed ✅

